// Jest Snapshot v1, https://goo.gl/fbAQLP

exports[`renders header correctly 1`] = `
<nav
  className="bg-yellow-300 shadow dark:bg-gray-800 fixed top-0 w-full backdrop-blur-md backdrop-filter bg-opacity-50"
>
  <ul
    className="container flex items-center text-lg justify-around sm:justify-center px-2 sm:px-6 mx-auto capitalize"
  >
    <li
      className="fixed top-28 left-4 sm:static"
    >
      <div
        className="flex items-center sm:mx-6"
      >
        <button
          className="w-5 text-3xl hover:opacity-70 transition-opacity"
          onClick={[Function]}
        >
          <svg
            className="fill-current"
            fill="currentColor"
            height="1em"
            stroke="currentColor"
            strokeWidth="0"
            style={
              Object {
                "color": undefined,
              }
            }
            viewBox="0 0 448 512"
            width="1em"
            xmlns="http://www.w3.org/2000/svg"
          >
            <path
              d="M257.5 445.1l-22.2 22.2c-9.4 9.4-24.6 9.4-33.9 0L7 273c-9.4-9.4-9.4-24.6 0-33.9L201.4 44.7c9.4-9.4 24.6-9.4 33.9 0l22.2 22.2c9.5 9.5 9.3 25-.4 34.3L136.6 216H424c13.3 0 24 10.7 24 24v32c0 13.3-10.7 24-24 24H136.6l120.5 114.8c9.8 9.3 10 24.8.4 34.3z"
            />
          </svg>
        </button>
      </div>
    </li>
    <li>
      <form
        className="flex"
        onSubmit={[Function]}
      >
        <div
          className="relative my-2 mx-auto dark:text-gray-900"
        >
          <input
            className="focus:outline-none focus:ring-2 dark:placeholder:text-gray-600 dark:bg-gray-100 focus:ring-red-500 shadow rounded-full w-52 sm:w-60 md:w-72 lg:w-80 xl:w-96 border-0 p-3 pl-9 min-w-full"
            onChange={[Function]}
            onKeyDown={[Function]}
            placeholder="Search by name..."
            role="searchbox"
            type="text"
            value=""
          />
          <span
            className="absolute left-0 top-1/2 transform -translate-y-1/2 ml-4 "
            onClick={[Function]}
          >
            <svg
              className="fill-current"
              fill="currentColor"
              height="1em"
              stroke="currentColor"
              strokeWidth="0"
              style={
                Object {
                  "color": undefined,
                }
              }
              viewBox="0 0 16 16"
              width="1em"
              xmlns="http://www.w3.org/2000/svg"
            >
              <path
                d="M11.742 10.344a6.5 6.5 0 1 0-1.397 1.398h-.001c.03.04.062.078.098.115l3.85 3.85a1 1 0 0 0 1.415-1.414l-3.85-3.85a1.007 1.007 0 0 0-.115-.1zM12 6.5a5.5 5.5 0 1 1-11 0 5.5 5.5 0 0 1 11 0z"
              />
            </svg>
          </span>
        </div>
      </form>
    </li>
    <li>
      <a
        aria-current="page"
        className="border-b-2 border-transparent font-bold outline-none hover:opacity-70 mx-1.5 sm:mx-6 transition-opacity border-b-2 border-red-500"
        href="/"
        onClick={[Function]}
      >
        Recipes
      </a>
    </li>
    <li>
      <a
        className="block border-b-2 border-transparent outline-none hover:opacity-70 ml-1.5 mr-0.5 sm:ml-6 sm:mr-2 transition-opacity text-2xl"
        href="/favorites"
        onClick={[Function]}
      >
        <svg
          className="fill-current"
          fill="currentColor"
          height="1em"
          stroke="currentColor"
          strokeWidth="0"
          style={
            Object {
              "color": undefined,
            }
          }
          viewBox="0 0 16 16"
          width="1em"
          xmlns="http://www.w3.org/2000/svg"
        >
          <path
            d="M2 2v13.5a.5.5 0 0 0 .74.439L8 13.069l5.26 2.87A.5.5 0 0 0 14 15.5V2a2 2 0 0 0-2-2H4a2 2 0 0 0-2 2z"
          />
        </svg>
      </a>
    </li>
    <li
      className="flex items-center"
    >
      <button
        className="w-8 h-7 text-3xl relative overflow-hidden sm:hover:opacity-70 sm:transition-opacity"
        onClick={[Function]}
      >
        <span
          className=" absolute top-0 left-0 duration-200 transition-transform"
        >
          <svg
            fill="currentColor"
            height="1em"
            stroke="currentColor"
            strokeWidth="0"
            style={
              Object {
                "color": undefined,
              }
            }
            viewBox="0 0 24 24"
            width="1em"
            xmlns="http://www.w3.org/2000/svg"
          >
            <path
              d="M0 0h24v24H0z"
              fill="none"
            />
            <path
              d="M12 7c-2.76 0-5 2.24-5 5s2.24 5 5 5 5-2.24 5-5-2.24-5-5-5zM2 13h2c.55 0 1-.45 1-1s-.45-1-1-1H2c-.55 0-1 .45-1 1s.45 1 1 1zm18 0h2c.55 0 1-.45 1-1s-.45-1-1-1h-2c-.55 0-1 .45-1 1s.45 1 1 1zM11 2v2c0 .55.45 1 1 1s1-.45 1-1V2c0-.55-.45-1-1-1s-1 .45-1 1zm0 18v2c0 .55.45 1 1 1s1-.45 1-1v-2c0-.55-.45-1-1-1s-1 .45-1 1zM5.99 4.58a.996.996 0 00-1.41 0 .996.996 0 000 1.41l1.06 1.06c.39.39 1.03.39 1.41 0s.39-1.03 0-1.41L5.99 4.58zm12.37 12.37a.996.996 0 00-1.41 0 .996.996 0 000 1.41l1.06 1.06c.39.39 1.03.39 1.41 0a.996.996 0 000-1.41l-1.06-1.06zm1.06-10.96a.996.996 0 000-1.41.996.996 0 00-1.41 0l-1.06 1.06c-.39.39-.39 1.03 0 1.41s1.03.39 1.41 0l1.06-1.06zM7.05 18.36a.996.996 0 000-1.41.996.996 0 00-1.41 0l-1.06 1.06c-.39.39-.39 1.03 0 1.41s1.03.39 1.41 0l1.06-1.06z"
            />
          </svg>
          <svg
            className="rotate-180"
            fill="currentColor"
            height="1em"
            stroke="currentColor"
            strokeWidth="0"
            style={
              Object {
                "color": undefined,
              }
            }
            viewBox="0 0 24 24"
            width="1em"
            xmlns="http://www.w3.org/2000/svg"
          >
            <path
              d="M0 0h24v24H0z"
              fill="none"
            />
            <path
              d="M12 3a9 9 0 109 9c0-.46-.04-.92-.1-1.36a5.389 5.389 0 01-4.4 2.26 5.403 5.403 0 01-3.14-9.8c-.44-.06-.9-.1-1.36-.1z"
            />
          </svg>
        </span>
      </button>
    </li>
  </ul>
</nav>
`;
