// Vitest Snapshot v1, https://vitest.dev/guide/snapshot.html

exports[`should render correctly 1`] = `
<div
  className="container px-3 sm:px-5 pt-32 pb-24 mx-auto flex flex-col"
>
  <div
    className="w-full lg:w-6/6 2xl:w-5/6 mx-auto relative"
  >
    <div />
  </div>
</div>
`;
