// Vitest Snapshot v1, https://vitest.dev/guide/snapshot.html

exports[`should render correctly 1`] = `
<article
  className="rounded-3xl border border-gray-200 dark:border-gray-900 overflow-hidden bg-white dark:bg-orange-100 dark:text-gray-900 sm:mx-0 min-h-170p"
>
  <a
    className="h-full flex hover:opacity-90 transition-opacity"
    href="/category/Breakfast"
    onClick={[Function]}
  >
    <div
      className="w-2/5 sm:w-2/4 bg-white relative"
    >
      <img
        alt="Breakfast"
        className="h-full object-cover"
        height="200"
        src="https://www.themealdb.com/images/category/breakfast.png"
        width="320"
      />
    </div>
    <div
      className="w-3/5 sm:w-2/4 flex flex-col items-start mx-4 my-4"
    >
      <h1
        className="text-xl font-semibold mb-5 sm:mb-0"
      >
        Breakfast
      </h1>
      <p
        className="text-sm sm:text-md"
      >
        Breakfast is the first meal of a day. The word in English refers to breaking the fasting period of the previous night. T...
      </p>
    </div>
  </a>
</article>
`;
